A51 MACRO ASSEMBLER  TWO_SCOMP                                                            01/24/2022 10:07:13 PAGE     1


MACRO ASSEMBLER A51 V8.2.7.0
OBJECT MODULE PLACED IN .\Objects\TWO'SCOMP.obj
ASSEMBLER INVOKED BY: C:\Keil_v5\C51\BIN\A51.EXE TWO'SCOMP.asm SET(SMALL) DEBUG PRINT(.\Listings\TWO'SCOMP.lst) OBJECT(.
                      \Objects\TWO'SCOMP.obj) EP

LOC  OBJ            LINE     SOURCE

0000                   1     ORG 0000H
0000 7802              2     MOV R0, #02H;
0002 E8                3     MOV A,R0
0003 F4                4     CPL A;
0004 2401              5     ADD A,#01H
0006 F9                6     MOV R1,A;
                       7     END
A51 MACRO ASSEMBLER  TWO_SCOMP                                                            01/24/2022 10:07:13 PAGE     2

SYMBOL TABLE LISTING
------ ----- -------


N A M E             T Y P E  V A L U E   ATTRIBUTES



REGISTER BANK(S) USED: 0 


ASSEMBLY COMPLETE.  0 WARNING(S), 0 ERROR(S)
