C51 COMPILER V9.60.0.0   Q2_TOGGLE_BIT_P1_5_                                               03/03/2022 22:40:46 PAGE 1   


C51 COMPILER V9.60.0.0, COMPILATION OF MODULE Q2_TOGGLE_BIT_P1_5_
OBJECT MODULE PLACED IN .\Objects\Q2 toggle bit p1.5 .obj
COMPILER INVOKED BY: C:\keil 8051\C51\BIN\C51.EXE ..\..\lab 4\Q2 toggle bit p1.5 .c OPTIMIZE(8,SPEED) BROWSE DEBUG OBJEC
                    -TEXTEND PRINT(.\Listings\Q2 toggle bit p1.5 .lst) TABS(2) OBJECT(.\Objects\Q2 toggle bit p1.5 .obj)

line level    source

   1          
   2          #include <reg51.h>
   3          void T0M1Delay(void);
   4          sbit mybit=P1^5;
   5          void main(void){
   6   1        while (1) {
   7   2          mybit=~mybit;
   8   2          T0M1Delay();
   9   2        }
  10   1      }
  11          void T0M1Delay(void){
  12   1          TMOD=0x01;
  13   1          TL0=0xFD;
  14   1          TH0=0x4B;
  15   1          TR0=1;
  16   1          while (TF0==0);
  17   1            TR0=0;
  18   1            TF0=0;
  19   1      }


MODULE INFORMATION:   STATIC OVERLAYABLE
   CODE SIZE        =     26    ----
   CONSTANT SIZE    =   ----    ----
   XDATA SIZE       =   ----    ----
   PDATA SIZE       =   ----    ----
   DATA SIZE        =   ----    ----
   IDATA SIZE       =   ----    ----
   BIT SIZE         =   ----    ----
END OF MODULE INFORMATION.


C51 COMPILATION COMPLETE.  0 WARNING(S),  0 ERROR(S)
