C51 COMPILER V9.60.0.0   Q4                                                                02/15/2022 09:59:52 PAGE 1   


C51 COMPILER V9.60.0.0, COMPILATION OF MODULE Q4
OBJECT MODULE PLACED IN .\Objects\Q4.obj
COMPILER INVOKED BY: C:\Keil_v5\C51\BIN\C51.EXE ..\lab 4\Q4.c OPTIMIZE(8,SPEED) BROWSE DEBUG OBJECTEXTEND PRINT(.\Listin
                    -gs\Q4.lst) TABS(2) OBJECT(.\Objects\Q4.obj)

line level    source

   1          #include <reg51.h>
   2          void main(void){
   3   1        TMOD=0x20;
   4   1        TH1=0xFA;
   5   1        SCON=0x50;
   6   1        TR1=1;
   7   1        while(1){
   8   2          SBUF='A';
   9   2          while(TI==0);
  10   2          TI=0;
  11   2        }
  12   1      }


MODULE INFORMATION:   STATIC OVERLAYABLE
   CODE SIZE        =     21    ----
   CONSTANT SIZE    =   ----    ----
   XDATA SIZE       =   ----    ----
   PDATA SIZE       =   ----    ----
   DATA SIZE        =   ----    ----
   IDATA SIZE       =   ----    ----
   BIT SIZE         =   ----    ----
END OF MODULE INFORMATION.


C51 COMPILATION COMPLETE.  0 WARNING(S),  0 ERROR(S)
